2024/08/26 09:14:33.554	[INFO]	Thread:[12]	[MSG] => [Function] : queryAgvStatus; [Web URL] : http://192.168.4.9:8182/rcms-dps/rest/queryAgvStatus
2024/08/26 09:14:33.704	[INFO]	Thread:[12]	[MSG] => [Send Data] : {"reqCode":"20240826091428501246","reqTime":"","clientCode":"","tokenCode":"","mapCode":"AA"}
2024/08/26 10:48:40.048	[INFO]	Thread:[19]	[MSG] => [Function] : queryAgvStatus; [Web URL] : http://192.168.4.9:8182/rcms-dps/rest/queryAgvStatus
2024/08/26 10:48:40.150	[INFO]	Thread:[19]	[MSG] => [Send Data] : {"reqCode":"20240826104838227515","reqTime":"","clientCode":"","tokenCode":"","mapCode":"AA"}
2024/08/26 10:49:03.530	[INFO]	Thread:[19]	[MSG] => [Receive Data] : 
2024/08/26 11:46:40.280	[INFO]	Thread:[9]	[MSG] => [Function] : queryAgvStatus; [Web URL] : http://192.168.4.9:8182/rcms-dps/rest/queryAgvStatus
2024/08/26 11:46:40.344	[INFO]	Thread:[9]	[MSG] => [Send Data] : {"reqCode":"20240826114640279740","reqTime":"","clientCode":"","tokenCode":"","mapCode":"AA"}
2024/08/26 11:47:01.534	[INFO]	Thread:[9]	[MSG] => [Receive Data] : 
2024/08/26 11:47:02.589	[INFO]	Thread:[9]	[MSG] => [Function] : queryAgvStatus; [Web URL] : http://192.168.4.9:8182/rcms-dps/rest/queryAgvStatus
2024/08/26 11:47:02.589	[INFO]	Thread:[9]	[MSG] => [Send Data] : {"reqCode":"20240826114702588130","reqTime":"","clientCode":"","tokenCode":"","mapCode":"AA"}
2024/08/26 11:47:23.729	[INFO]	Thread:[9]	[MSG] => [Receive Data] : 
2024/08/26 11:47:24.767	[INFO]	Thread:[9]	[MSG] => [Function] : queryAgvStatus; [Web URL] : http://192.168.4.9:8182/rcms-dps/rest/queryAgvStatus
2024/08/26 11:47:24.767	[INFO]	Thread:[9]	[MSG] => [Send Data] : {"reqCode":"20240826114724767914","reqTime":"","clientCode":"","tokenCode":"","mapCode":"AA"}
2024/08/26 11:47:45.912	[INFO]	Thread:[9]	[MSG] => [Receive Data] : 
2024/08/26 11:47:46.973	[INFO]	Thread:[9]	[MSG] => [Function] : queryAgvStatus; [Web URL] : http://192.168.4.9:8182/rcms-dps/rest/queryAgvStatus
2024/08/26 11:47:46.978	[INFO]	Thread:[9]	[MSG] => [Send Data] : {"reqCode":"20240826114746973094","reqTime":"","clientCode":"","tokenCode":"","mapCode":"AA"}
2024/08/26 11:48:08.116	[INFO]	Thread:[9]	[MSG] => [Receive Data] : 
2024/08/26 11:48:09.257	[INFO]	Thread:[9]	[MSG] => [Function] : queryAgvStatus; [Web URL] : http://192.168.4.9:8182/rcms-dps/rest/queryAgvStatus
2024/08/26 11:48:09.261	[INFO]	Thread:[9]	[MSG] => [Send Data] : {"reqCode":"20240826114809257730","reqTime":"","clientCode":"","tokenCode":"","mapCode":"AA"}
2024/08/26 11:48:30.390	[INFO]	Thread:[9]	[MSG] => [Receive Data] : 
2024/08/26 11:48:31.472	[INFO]	Thread:[9]	[MSG] => [Function] : queryAgvStatus; [Web URL] : http://192.168.4.9:8182/rcms-dps/rest/queryAgvStatus
2024/08/26 11:48:31.472	[INFO]	Thread:[9]	[MSG] => [Send Data] : {"reqCode":"20240826114831472019","reqTime":"","clientCode":"","tokenCode":"","mapCode":"AA"}
2024/08/26 11:48:52.592	[INFO]	Thread:[9]	[MSG] => [Receive Data] : 
2024/08/26 11:48:53.667	[INFO]	Thread:[9]	[MSG] => [Function] : queryAgvStatus; [Web URL] : http://192.168.4.9:8182/rcms-dps/rest/queryAgvStatus
2024/08/26 11:48:53.667	[INFO]	Thread:[9]	[MSG] => [Send Data] : {"reqCode":"20240826114853667548","reqTime":"","clientCode":"","tokenCode":"","mapCode":"AA"}
2024/08/26 11:49:14.763	[INFO]	Thread:[9]	[MSG] => [Receive Data] : 
2024/08/26 11:49:15.913	[INFO]	Thread:[9]	[MSG] => [Function] : queryAgvStatus; [Web URL] : http://192.168.4.9:8182/rcms-dps/rest/queryAgvStatus
2024/08/26 11:49:15.921	[INFO]	Thread:[9]	[MSG] => [Send Data] : {"reqCode":"20240826114915913070","reqTime":"","clientCode":"","tokenCode":"","mapCode":"AA"}
2024/08/26 11:49:37.103	[INFO]	Thread:[9]	[MSG] => [Receive Data] : 
2024/08/26 11:49:38.180	[INFO]	Thread:[9]	[MSG] => [Function] : queryAgvStatus; [Web URL] : http://192.168.4.9:8182/rcms-dps/rest/queryAgvStatus
2024/08/26 11:49:38.186	[INFO]	Thread:[9]	[MSG] => [Send Data] : {"reqCode":"20240826114938180230","reqTime":"","clientCode":"","tokenCode":"","mapCode":"AA"}
2024/08/26 11:49:59.319	[INFO]	Thread:[9]	[MSG] => [Receive Data] : 
2024/08/26 11:50:00.360	[INFO]	Thread:[9]	[MSG] => [Function] : queryAgvStatus; [Web URL] : http://192.168.4.9:8182/rcms-dps/rest/queryAgvStatus
2024/08/26 11:50:00.360	[INFO]	Thread:[9]	[MSG] => [Send Data] : {"reqCode":"20240826115000360340","reqTime":"","clientCode":"","tokenCode":"","mapCode":"AA"}
2024/08/26 11:50:21.507	[INFO]	Thread:[9]	[MSG] => [Receive Data] : 
2024/08/26 11:50:22.595	[INFO]	Thread:[9]	[MSG] => [Function] : queryAgvStatus; [Web URL] : http://192.168.4.9:8182/rcms-dps/rest/queryAgvStatus
2024/08/26 11:50:22.595	[INFO]	Thread:[9]	[MSG] => [Send Data] : {"reqCode":"20240826115022595087","reqTime":"","clientCode":"","tokenCode":"","mapCode":"AA"}
2024/08/26 11:50:43.690	[INFO]	Thread:[9]	[MSG] => [Receive Data] : 
2024/08/26 13:03:38.777	[INFO]	Thread:[19]	[MSG] => [Function] : queryAgvStatus; [Web URL] : http://localhost:54632/rcms-dps/rest/queryAgvStatus
2024/08/26 13:03:40.491	[INFO]	Thread:[19]	[MSG] => [Send Data] : {"reqCode":"20240826130235154340","reqTime":"","clientCode":"","tokenCode":"","mapCode":"AA"}
2024/08/26 13:04:15.275	[INFO]	Thread:[19]	[MSG] => [Receive Data] : {"code":"0","data":[{"robotCode":"1","robotDir":"180","robotIp":"","battery":"40","posX":"1.0","posY":"2.0","mapCode":"","speed":"","status":"1","exclType":"0","stop":"1","podCode":"200001","podDir":"90","path":["10000,20000,90","20000,30000,-90","20000,30000,180","30000,40000,0"]},{"robotCode":"1","robotDir":"180","robotIp":"","battery":"25","posX":"1.0","posY":"2.0","mapCode":"","speed":"","status":"1","exclType":"0","stop":"1","podCode":"200001","podDir":"90","path":[]}],"message":"成功","reqCode":"20240826130235154340"}
2024/08/26 13:07:05.675	[INFO]	Thread:[9]	[MSG] => [Function] : queryAgvStatus; [Web URL] : http://192.168.4.9:8182/rcms-dps/rest/queryAgvStatus
2024/08/26 13:07:05.773	[INFO]	Thread:[9]	[MSG] => [Send Data] : {"reqCode":"20240826130704579519","reqTime":"","clientCode":"","tokenCode":"","mapCode":"AA"}
2024/08/26 13:07:27.079	[INFO]	Thread:[9]	[MSG] => [Receive Data] : 
2024/08/26 13:07:51.924	[INFO]	Thread:[9]	[MSG] => [Function] : queryAgvStatus; [Web URL] : http://localhost:54632/rcms-dps/rest/queryAgvStatus
2024/08/26 13:07:53.270	[INFO]	Thread:[9]	[MSG] => [Send Data] : {"reqCode":"20240826130704579519","reqTime":"","clientCode":"","tokenCode":"","mapCode":"AA"}
2024/08/26 13:08:15.675	[INFO]	Thread:[9]	[MSG] => [Receive Data] : {"code":"0","data":[{"robotCode":"1","robotDir":"180","robotIp":"","battery":"40","posX":"1.0","posY":"2.0","mapCode":"","speed":"","status":"1","exclType":"0","stop":"1","podCode":"200001","podDir":"90","path":["10000,20000,90","20000,30000,-90","20000,30000,180","30000,40000,0"]},{"robotCode":"1","robotDir":"180","robotIp":"","battery":"25","posX":"1.0","posY":"2.0","mapCode":"","speed":"","status":"1","exclType":"0","stop":"1","podCode":"200001","podDir":"90","path":[]}],"message":"成功","reqCode":"20240826130704579519"}
2024/08/26 13:12:01.185	[INFO]	Thread:[7]	[MSG] => [Function] : queryAgvStatus; [Web URL] : http://localhost:54632/rcms-dps/rest/queryAgvStatus
2024/08/26 13:12:01.259	[INFO]	Thread:[7]	[MSG] => [Send Data] : {"reqCode":"20240826131138852066","reqTime":"","clientCode":"","tokenCode":"","mapCode":"AA"}
2024/08/26 13:12:03.563	[INFO]	Thread:[7]	[MSG] => [Receive Data] : {"code":"0","data":[{"robotCode":"1","robotDir":"180","robotIp":"","battery":"40","posX":"1.0","posY":"2.0","mapCode":"","speed":"","status":"1","exclType":"0","stop":"1","podCode":"200001","podDir":"90","path":["10000,20000,90","20000,30000,-90","20000,30000,180","30000,40000,0"]},{"robotCode":"1","robotDir":"180","robotIp":"","battery":"25","posX":"1.0","posY":"2.0","mapCode":"","speed":"","status":"1","exclType":"0","stop":"1","podCode":"200001","podDir":"90","path":[]}],"message":"成功","reqCode":"20240826131138852066"}
2024/08/26 13:20:46.846	[INFO]	Thread:[19]	[MSG] => [Function] : queryAgvStatus; [Web URL] : http://localhost:54632/rcms-dps/rest/queryAgvStatus
2024/08/26 13:20:46.925	[INFO]	Thread:[19]	[MSG] => [Send Data] : {"reqCode":"20240826132035125849","reqTime":"","clientCode":"","tokenCode":"","mapCode":"AA"}
2024/08/26 13:20:49.203	[INFO]	Thread:[19]	[MSG] => [Receive Data] : {"code":"0","data":[{"robotCode":"1","robotDir":"180","robotIp":"","battery":"40","posX":"1.0","posY":"2.0","mapCode":"","speed":"","status":"1","exclType":"0","stop":"1","podCode":"200001","podDir":"90","path":["10000,20000,90","20000,30000,-90","20000,30000,180","30000,40000,0"]},{"robotCode":"1","robotDir":"180","robotIp":"","battery":"25","posX":"1.0","posY":"2.0","mapCode":"","speed":"","status":"1","exclType":"0","stop":"1","podCode":"200001","podDir":"90","path":[]}],"message":"成功","reqCode":"20240826132035125849"}
2024/08/26 13:22:00.139	[INFO]	Thread:[7]	[MSG] => [Function] : queryAgvStatus; [Web URL] : http://localhost:54632/rcms-dps/rest/queryAgvStatus
2024/08/26 13:22:01.216	[INFO]	Thread:[7]	[MSG] => [Send Data] : {"reqCode":"20240826132148591477","reqTime":"","clientCode":"","tokenCode":"","mapCode":"AA"}
2024/08/26 13:22:03.805	[INFO]	Thread:[7]	[MSG] => [Receive Data] : {"code":"0","data":[{"robotCode":"1","robotDir":"180","robotIp":"","battery":"40","posX":"1.0","posY":"2.0","mapCode":"","speed":"","status":"1","exclType":"0","stop":"1","podCode":"200001","podDir":"90","path":["10000,20000,90","20000,30000,-90","20000,30000,180","30000,40000,0"]}],"message":"成功","reqCode":"20240826132148591477"}
2024/08/26 13:23:10.362	[INFO]	Thread:[7]	[MSG] => [Function] : queryAgvStatus; [Web URL] : http://localhost:54632/rcms-dps/rest/queryAgvStatus
2024/08/26 13:23:10.380	[INFO]	Thread:[7]	[MSG] => [Send Data] : {"reqCode":"20240826132301717827","reqTime":"","clientCode":"","tokenCode":"","mapCode":"AA"}
2024/08/26 13:23:12.800	[INFO]	Thread:[7]	[MSG] => [Receive Data] : {"code":"0","data":[{"robotCode":"1","robotDir":"180","robotIp":"","battery":"40","posX":"1.0","posY":"2.0","mapCode":"","speed":"","status":"1","exclType":"0","stop":"1","podCode":"200001","podDir":"90","path":["10000,20000,90","20000,30000,-90","20000,30000,180","30000,40000,0"]}],"message":"成功","reqCode":"20240826132301717827"}
2024/08/26 14:22:50.706	[INFO]	Thread:[19]	[MSG] => [Function] : queryAgvStatus; [Web URL] : http://localhost:54632/rcms-dps/rest/queryAgvStatus
2024/08/26 14:22:50.791	[INFO]	Thread:[19]	[MSG] => [Send Data] : {"reqCode":"20240826142228572990","reqTime":"","clientCode":"","tokenCode":"","mapCode":"AA"}
2024/08/26 14:22:53.075	[INFO]	Thread:[19]	[MSG] => [Receive Data] : {"code":"0","data":[{"robotCode":"1","robotDir":"180","robotIp":"","battery":"40","posX":"1.0","posY":"2.0","mapCode":"","speed":"","status":"1","exclType":"0","stop":"1","podCode":"200001","podDir":"90","path":["10000,20000,90","20000,30000,-90","20000,30000,180","30000,40000,0"]}],"message":"成功","reqCode":"20240826142228572990"}
2024/08/26 14:34:49.343	[INFO]	Thread:[7]	[MSG] => [Function] : queryAgvStatus; [Web URL] : http://localhost:54632/rcms-dps/rest/queryAgvStatus
2024/08/26 14:34:49.433	[INFO]	Thread:[7]	[MSG] => [Send Data] : {"reqCode":"20240826143432331314","reqTime":"","clientCode":"","tokenCode":"","mapCode":"AA"}
2024/08/26 14:34:51.685	[INFO]	Thread:[7]	[MSG] => [Receive Data] : {"code":"0","data":[{"robotCode":"1","robotDir":"180","robotIp":"","battery":"40","posX":"1.0","posY":"2.0","mapCode":"","speed":"","status":"1","exclType":"0","stop":"1","podCode":"200001","podDir":"90","path":["10000,20000,90","20000,30000,-90","20000,30000,180","30000,40000,0"]}],"message":"成功","reqCode":"20240826143432331314"}
2024/08/26 14:40:35.029	[INFO]	Thread:[7]	[MSG] => [Function] : queryAgvStatus; [Web URL] : http://localhost:54632/rcms-dps/rest/queryAgvStatus
2024/08/26 14:40:35.111	[INFO]	Thread:[7]	[MSG] => [Send Data] : {"reqCode":"20240826144027475570","reqTime":"","clientCode":"","tokenCode":"","mapCode":"AA"}
2024/08/26 14:40:39.317	[INFO]	Thread:[7]	[MSG] => [Receive Data] : {"code":"0","data":[{"robotCode":"1","robotDir":"180","robotIp":"","battery":"40","posX":"1.0","posY":"2.0","mapCode":"","speed":"","status":"1","exclType":"0","stop":"1","podCode":"200001","podDir":"90","path":["10000,20000,90","20000,30000,-90","20000,30000,180","30000,40000,0"]}],"message":"成功","reqCode":"20240826144027475570"}
2024/08/26 14:41:35.574	[INFO]	Thread:[19]	[MSG] => [Function] : queryAgvStatus; [Web URL] : http://localhost:54632/rcms-dps/rest/queryAgvStatus
2024/08/26 14:41:35.646	[INFO]	Thread:[19]	[MSG] => [Send Data] : {"reqCode":"20240826144126870860","reqTime":"","clientCode":"","tokenCode":"","mapCode":"AA"}
2024/08/26 14:41:37.261	[INFO]	Thread:[19]	[MSG] => [Receive Data] : {"code":"0","data":[{"robotCode":"1","robotDir":"180","robotIp":"","battery":"40","posX":"1.0","posY":"2.0","mapCode":"","speed":"","status":"1","exclType":"0","stop":"1","podCode":"200001","podDir":"90","path":["10000,20000,90","20000,30000,-90","20000,30000,180","30000,40000,0"]}],"message":"成功","reqCode":"20240826144126870860"}
2024/08/26 14:44:21.951	[INFO]	Thread:[7]	[MSG] => [Function] : queryAgvStatus; [Web URL] : http://localhost:54632/rcms-dps/rest/queryAgvStatus
2024/08/26 14:44:22.086	[INFO]	Thread:[7]	[MSG] => [Send Data] : {"reqCode":"20240826144413591861","reqTime":"","clientCode":"","tokenCode":"","mapCode":"AA"}
2024/08/26 14:44:23.283	[INFO]	Thread:[7]	[MSG] => [Receive Data] : {"code":"0","data":[{"robotCode":"1","robotDir":"180","robotIp":"","battery":"40","posX":"1.0","posY":"2.0","mapCode":"","speed":"","status":"1","exclType":"0","stop":"1","podCode":"200001","podDir":"90","path":["10000,20000,90","20000,30000,-90","20000,30000,180","30000,40000,0"]}],"message":"成功","reqCode":"20240826144413591861"}
2024/08/26 14:45:45.129	[INFO]	Thread:[7]	[MSG] => [Function] : queryAgvStatus; [Web URL] : http://localhost:54632/rcms-dps/rest/queryAgvStatus
2024/08/26 14:45:45.170	[INFO]	Thread:[7]	[MSG] => [Send Data] : {"reqCode":"20240826144536724522","reqTime":"","clientCode":"","tokenCode":"","mapCode":"AA"}
2024/08/26 14:45:46.152	[INFO]	Thread:[7]	[MSG] => [Receive Data] : {"code":"0","data":[{"robotCode":"1","robotDir":"180","robotIp":"","battery":"40","posX":"1.0","posY":"2.0","mapCode":"","speed":"","status":"1","exclType":"0","stop":"1","podCode":"200001","podDir":"90","path":["10000,20000,90","20000,30000,-90","20000,30000,180","30000,40000,0"]}],"message":"成功","reqCode":"20240826144536724522"}
2024/08/26 14:46:34.378	[INFO]	Thread:[7]	[MSG] => [Function] : queryAgvStatus; [Web URL] : http://localhost:54632/rcms-dps/rest/queryAgvStatus
2024/08/26 14:46:34.423	[INFO]	Thread:[7]	[MSG] => [Send Data] : {"reqCode":"20240826144627237870","reqTime":"","clientCode":"","tokenCode":"","mapCode":"AA"}
2024/08/26 14:46:41.839	[INFO]	Thread:[7]	[MSG] => [Receive Data] : {"code":"0","data":[{"robotCode":"1","robotDir":"180","robotIp":"","battery":"26","posX":"1.0","posY":"2.0","mapCode":"","speed":"","status":"1","exclType":"0","stop":"1","podCode":"200001","podDir":"90","path":["10000,20000,90","20000,30000,-90","20000,30000,180","30000,40000,0"]}],"message":"成功","reqCode":"20240826144627237870"}
2024/08/26 14:47:11.454	[INFO]	Thread:[7]	[MSG] => [Function] : queryAgvStatus; [Web URL] : http://localhost:54632/rcms-dps/rest/queryAgvStatus
2024/08/26 14:47:11.468	[INFO]	Thread:[7]	[MSG] => [Send Data] : {"reqCode":"20240826144704114908","reqTime":"","clientCode":"","tokenCode":"","mapCode":"AA"}
2024/08/26 14:47:14.190	[INFO]	Thread:[7]	[MSG] => [Receive Data] : {"code":"0","data":[{"robotCode":"1","robotDir":"180","robotIp":"","battery":"26","posX":"1.0","posY":"2.0","mapCode":"","speed":"","status":"1","exclType":"0","stop":"1","podCode":"200001","podDir":"90","path":["10000,20000,90","20000,30000,-90","20000,30000,180","30000,40000,0"]}],"message":"成功","reqCode":"20240826144704114908"}
2024/08/26 14:47:53.164	[INFO]	Thread:[7]	[MSG] => [Function] : queryAgvStatus; [Web URL] : http://localhost:54632/rcms-dps/rest/queryAgvStatus
2024/08/26 14:47:53.172	[INFO]	Thread:[7]	[MSG] => [Send Data] : {"reqCode":"20240826144745441162","reqTime":"","clientCode":"","tokenCode":"","mapCode":"AA"}
2024/08/26 14:47:57.931	[INFO]	Thread:[7]	[MSG] => [Receive Data] : {"code":"0","data":[{"robotCode":"1","robotDir":"180","robotIp":"","battery":"25","posX":"1.0","posY":"2.0","mapCode":"","speed":"","status":"1","exclType":"0","stop":"1","podCode":"200001","podDir":"90","path":["10000,20000,90","20000,30000,-90","20000,30000,180","30000,40000,0"]}],"message":"成功","reqCode":"20240826144745441162"}
2024/08/26 14:49:55.336	[INFO]	Thread:[7]	[MSG] => [Function] : queryAgvStatus; [Web URL] : http://localhost:54632/rcms-dps/rest/queryAgvStatus
2024/08/26 14:49:55.411	[INFO]	Thread:[7]	[MSG] => [Send Data] : {"reqCode":"20240826144932897311","reqTime":"","clientCode":"","tokenCode":"","mapCode":"AA"}
2024/08/26 14:49:56.983	[INFO]	Thread:[7]	[MSG] => [Receive Data] : {"code":"0","data":[{"robotCode":"1","robotDir":"180","robotIp":"","battery":"40","posX":"1.0","posY":"2.0","mapCode":"","speed":"","status":"1","exclType":"0","stop":"1","podCode":"200001","podDir":"90","path":["10000,20000,90","20000,30000,-90","20000,30000,180","30000,40000,0"]}],"message":"成功","reqCode":"20240826144932897311"}
2024/08/26 14:50:58.796	[INFO]	Thread:[7]	[MSG] => [Function] : queryAgvStatus; [Web URL] : http://localhost:54632/rcms-dps/rest/queryAgvStatus
2024/08/26 14:50:58.838	[INFO]	Thread:[7]	[MSG] => [Send Data] : {"reqCode":"20240826145051499068","reqTime":"","clientCode":"","tokenCode":"","mapCode":"AA"}
2024/08/26 14:51:03.257	[INFO]	Thread:[7]	[MSG] => [Receive Data] : {"code":"0","data":[{"robotCode":"1","robotDir":"180","robotIp":"","battery":"26","posX":"1.0","posY":"2.0","mapCode":"","speed":"","status":"1","exclType":"0","stop":"1","podCode":"200001","podDir":"90","path":["10000,20000,90","20000,30000,-90","20000,30000,180","30000,40000,0"]}],"message":"成功","reqCode":"20240826145051499068"}
2024/08/26 14:51:39.108	[INFO]	Thread:[7]	[MSG] => [Function] : queryAgvStatus; [Web URL] : http://localhost:54632/rcms-dps/rest/queryAgvStatus
2024/08/26 14:51:39.159	[INFO]	Thread:[7]	[MSG] => [Send Data] : {"reqCode":"20240826145129956065","reqTime":"","clientCode":"","tokenCode":"","mapCode":"AA"}
2024/08/26 14:51:43.929	[INFO]	Thread:[7]	[MSG] => [Receive Data] : {"code":"0","data":[{"robotCode":"1","robotDir":"180","robotIp":"","battery":"25","posX":"1.0","posY":"2.0","mapCode":"","speed":"","status":"1","exclType":"0","stop":"1","podCode":"200001","podDir":"90","path":["10000,20000,90","20000,30000,-90","20000,30000,180","30000,40000,0"]}],"message":"成功","reqCode":"20240826145129956065"}
